// Jest Snapshot v1, https://goo.gl/fbAQLP

exports[`<Controls /> renders <Controls /> correctly 1`] = `
<div
  className="controls panel"
>
  <button
    className="toggle-btn"
    disabled={true}
  >
    Lock Gate
  </button>
  <button
    className="toggle-btn"
  >
    Close Gate
  </button>
</div>
`;
